// Jest Snapshot v1, https://goo.gl/fbAQLP

exports[`Test on <Navbar/> Should be displayed correctly 1`] = `
Object {
  "asFragment": [Function],
  "baseElement": <body>
    <div>
      <nav
        class="navbar navbar-expand-sm navbar-dark bg-dark"
      >
        <div
          class="container"
        >
          <a
            class="navbar-brand"
            href="/heroteam"
          >
            Hero Team
          </a>
          <div
            class="navbar-collapse"
          >
            <div
              class="navbar-nav"
            >
              <a
                class="nav-item nav-link"
                href="/search"
              >
                Search
              </a>
            </div>
          </div>
          <ul
            class="navbar-nav ml-auto"
          >
            <button
              class="nav-item nav-link btn"
              data-testid="logoutButton"
            >
              Logout
            </button>
          </ul>
        </div>
      </nav>
    </div>
  </body>,
  "container": <div>
    <nav
      class="navbar navbar-expand-sm navbar-dark bg-dark"
    >
      <div
        class="container"
      >
        <a
          class="navbar-brand"
          href="/heroteam"
        >
          Hero Team
        </a>
        <div
          class="navbar-collapse"
        >
          <div
            class="navbar-nav"
          >
            <a
              class="nav-item nav-link"
              href="/search"
            >
              Search
            </a>
          </div>
        </div>
        <ul
          class="navbar-nav ml-auto"
        >
          <button
            class="nav-item nav-link btn"
            data-testid="logoutButton"
          >
            Logout
          </button>
        </ul>
      </div>
    </nav>
  </div>,
  "debug": [Function],
  "findAllByAltText": [Function],
  "findAllByDisplayValue": [Function],
  "findAllByLabelText": [Function],
  "findAllByPlaceholderText": [Function],
  "findAllByRole": [Function],
  "findAllByTestId": [Function],
  "findAllByText": [Function],
  "findAllByTitle": [Function],
  "findByAltText": [Function],
  "findByDisplayValue": [Function],
  "findByLabelText": [Function],
  "findByPlaceholderText": [Function],
  "findByRole": [Function],
  "findByTestId": [Function],
  "findByText": [Function],
  "findByTitle": [Function],
  "getAllByAltText": [Function],
  "getAllByDisplayValue": [Function],
  "getAllByLabelText": [Function],
  "getAllByPlaceholderText": [Function],
  "getAllByRole": [Function],
  "getAllByTestId": [Function],
  "getAllByText": [Function],
  "getAllByTitle": [Function],
  "getByAltText": [Function],
  "getByDisplayValue": [Function],
  "getByLabelText": [Function],
  "getByPlaceholderText": [Function],
  "getByRole": [Function],
  "getByTestId": [Function],
  "getByText": [Function],
  "getByTitle": [Function],
  "queryAllByAltText": [Function],
  "queryAllByDisplayValue": [Function],
  "queryAllByLabelText": [Function],
  "queryAllByPlaceholderText": [Function],
  "queryAllByRole": [Function],
  "queryAllByTestId": [Function],
  "queryAllByText": [Function],
  "queryAllByTitle": [Function],
  "queryByAltText": [Function],
  "queryByDisplayValue": [Function],
  "queryByLabelText": [Function],
  "queryByPlaceholderText": [Function],
  "queryByRole": [Function],
  "queryByTestId": [Function],
  "queryByText": [Function],
  "queryByTitle": [Function],
  "rerender": [Function],
  "unmount": [Function],
}
`;
