// Jest Snapshot v1, https://goo.gl/fbAQLP

exports[`Test on <AppRouter/> Should always to show login screen if user is not authenticated 1`] = `
Object {
  "asFragment": [Function],
  "baseElement": <body>
    <div>
      <div>
        <div
          class="container login-container animate__animated animate__fadeIn animate__faster "
        >
          <div
            class="col-md-12 login-form"
          >
            <h3
              data-testid="loginScreen"
            >
              Login
            </h3>
            <form>
              <div
                class="input-group mb-1"
              >
                <input
                  autocomplete="off"
                  class="form-control undefined"
                  id="email"
                  name="email"
                  placeholder="Email"
                  type="email"
                  value="challenge@alkemy.org"
                />
              </div>
              <div
                class="input-group mb-4"
              />
              <div
                class="input-group mb-1"
              >
                <input
                  class="form-control undefined"
                  id="password"
                  name="password"
                  placeholder="Password"
                  type="password"
                  value="react"
                />
              </div>
              <div
                class="input-group mb-5"
              />
              <button
                class="btnSubmit mb-3"
                type="submit"
              >
                Login
              </button>
            </form>
          </div>
        </div>
      </div>
    </div>
  </body>,
  "container": <div>
    <div>
      <div
        class="container login-container animate__animated animate__fadeIn animate__faster "
      >
        <div
          class="col-md-12 login-form"
        >
          <h3
            data-testid="loginScreen"
          >
            Login
          </h3>
          <form>
            <div
              class="input-group mb-1"
            >
              <input
                autocomplete="off"
                class="form-control undefined"
                id="email"
                name="email"
                placeholder="Email"
                type="email"
                value="challenge@alkemy.org"
              />
            </div>
            <div
              class="input-group mb-4"
            />
            <div
              class="input-group mb-1"
            >
              <input
                class="form-control undefined"
                id="password"
                name="password"
                placeholder="Password"
                type="password"
                value="react"
              />
            </div>
            <div
              class="input-group mb-5"
            />
            <button
              class="btnSubmit mb-3"
              type="submit"
            >
              Login
            </button>
          </form>
        </div>
      </div>
    </div>
  </div>,
  "debug": [Function],
  "findAllByAltText": [Function],
  "findAllByDisplayValue": [Function],
  "findAllByLabelText": [Function],
  "findAllByPlaceholderText": [Function],
  "findAllByRole": [Function],
  "findAllByTestId": [Function],
  "findAllByText": [Function],
  "findAllByTitle": [Function],
  "findByAltText": [Function],
  "findByDisplayValue": [Function],
  "findByLabelText": [Function],
  "findByPlaceholderText": [Function],
  "findByRole": [Function],
  "findByTestId": [Function],
  "findByText": [Function],
  "findByTitle": [Function],
  "getAllByAltText": [Function],
  "getAllByDisplayValue": [Function],
  "getAllByLabelText": [Function],
  "getAllByPlaceholderText": [Function],
  "getAllByRole": [Function],
  "getAllByTestId": [Function],
  "getAllByText": [Function],
  "getAllByTitle": [Function],
  "getByAltText": [Function],
  "getByDisplayValue": [Function],
  "getByLabelText": [Function],
  "getByPlaceholderText": [Function],
  "getByRole": [Function],
  "getByTestId": [Function],
  "getByText": [Function],
  "getByTitle": [Function],
  "queryAllByAltText": [Function],
  "queryAllByDisplayValue": [Function],
  "queryAllByLabelText": [Function],
  "queryAllByPlaceholderText": [Function],
  "queryAllByRole": [Function],
  "queryAllByTestId": [Function],
  "queryAllByText": [Function],
  "queryAllByTitle": [Function],
  "queryByAltText": [Function],
  "queryByDisplayValue": [Function],
  "queryByLabelText": [Function],
  "queryByPlaceholderText": [Function],
  "queryByRole": [Function],
  "queryByTestId": [Function],
  "queryByText": [Function],
  "queryByTitle": [Function],
  "rerender": [Function],
  "unmount": [Function],
}
`;
