// Jest Snapshot v1, https://goo.gl/fbAQLP

exports[`Tests on DashboardRoutes Should be displayed correctly 1`] = `
Object {
  "asFragment": [Function],
  "baseElement": <body>
    <div>
      <nav
        class="navbar navbar-expand-sm navbar-dark bg-dark"
      >
        <div
          class="container"
        >
          <a
            class="navbar-brand"
            href="/heroteam"
          >
            Hero Team
          </a>
          <div
            class="navbar-collapse"
          >
            <div
              class="navbar-nav"
            >
              <a
                class="nav-item nav-link"
                href="/search"
              >
                Search
              </a>
            </div>
          </div>
          <ul
            class="navbar-nav ml-auto"
          >
            <button
              class="nav-item nav-link btn"
              data-testid="logoutButton"
            >
              Logout
            </button>
          </ul>
        </div>
      </nav>
      <div
        class="container mt-2"
      >
        <h1
          class="d-flex justify-content-center animate__animated animate__fadeIn"
          data-testid="heroScreen"
        >
          My hero team
        </h1>
        <div
          class="animate__animated animate__fadeIn"
        >
          <h2
            class="d-flex justify-content-center "
          >
            Type: 
            <b />
          </h2>
          <hr />
          <div
            class="row"
          >
            <div
              class="col-6 text-center"
            >
              <h2>
                Average powerstats
              </h2>
              <ul
                class="list-group list-group-flush"
              >
                <li
                  class="list-group-item"
                >
                  Combat: 
                  <b>
                    0.0
                  </b>
                </li>
                <li
                  class="list-group-item"
                >
                  Durability: 
                  <b>
                    0.0
                  </b>
                </li>
                <li
                  class="list-group-item"
                >
                  Intelligence: 
                  <b>
                    0.0
                  </b>
                </li>
                <li
                  class="list-group-item"
                >
                  Power: 
                  <b>
                    0.0
                  </b>
                </li>
                <li
                  class="list-group-item"
                >
                  Speed: 
                  <b>
                    0.0
                  </b>
                </li>
                <li
                  class="list-group-item"
                >
                  Strength: 
                  <b>
                    0.0
                  </b>
                </li>
              </ul>
            </div>
            <div
              class="col-6 text-center"
            >
              <h2>
                Average height and weight
              </h2>
              <ul
                class="list-group list-group-flush"
              >
                <li
                  class="list-group-item"
                >
                  Height: 
                  <b>
                    0.0
                     cm
                  </b>
                </li>
                <li
                  class="list-group-item"
                >
                  Weight: 
                  <b>
                    0.0
                     Kg
                  </b>
                </li>
              </ul>
            </div>
          </div>
        </div>
        <div
          class="animate__animated animate__fadeIn"
        />
      </div>
    </div>
  </body>,
  "container": <div>
    <nav
      class="navbar navbar-expand-sm navbar-dark bg-dark"
    >
      <div
        class="container"
      >
        <a
          class="navbar-brand"
          href="/heroteam"
        >
          Hero Team
        </a>
        <div
          class="navbar-collapse"
        >
          <div
            class="navbar-nav"
          >
            <a
              class="nav-item nav-link"
              href="/search"
            >
              Search
            </a>
          </div>
        </div>
        <ul
          class="navbar-nav ml-auto"
        >
          <button
            class="nav-item nav-link btn"
            data-testid="logoutButton"
          >
            Logout
          </button>
        </ul>
      </div>
    </nav>
    <div
      class="container mt-2"
    >
      <h1
        class="d-flex justify-content-center animate__animated animate__fadeIn"
        data-testid="heroScreen"
      >
        My hero team
      </h1>
      <div
        class="animate__animated animate__fadeIn"
      >
        <h2
          class="d-flex justify-content-center "
        >
          Type: 
          <b />
        </h2>
        <hr />
        <div
          class="row"
        >
          <div
            class="col-6 text-center"
          >
            <h2>
              Average powerstats
            </h2>
            <ul
              class="list-group list-group-flush"
            >
              <li
                class="list-group-item"
              >
                Combat: 
                <b>
                  0.0
                </b>
              </li>
              <li
                class="list-group-item"
              >
                Durability: 
                <b>
                  0.0
                </b>
              </li>
              <li
                class="list-group-item"
              >
                Intelligence: 
                <b>
                  0.0
                </b>
              </li>
              <li
                class="list-group-item"
              >
                Power: 
                <b>
                  0.0
                </b>
              </li>
              <li
                class="list-group-item"
              >
                Speed: 
                <b>
                  0.0
                </b>
              </li>
              <li
                class="list-group-item"
              >
                Strength: 
                <b>
                  0.0
                </b>
              </li>
            </ul>
          </div>
          <div
            class="col-6 text-center"
          >
            <h2>
              Average height and weight
            </h2>
            <ul
              class="list-group list-group-flush"
            >
              <li
                class="list-group-item"
              >
                Height: 
                <b>
                  0.0
                   cm
                </b>
              </li>
              <li
                class="list-group-item"
              >
                Weight: 
                <b>
                  0.0
                   Kg
                </b>
              </li>
            </ul>
          </div>
        </div>
      </div>
      <div
        class="animate__animated animate__fadeIn"
      />
    </div>
  </div>,
  "debug": [Function],
  "findAllByAltText": [Function],
  "findAllByDisplayValue": [Function],
  "findAllByLabelText": [Function],
  "findAllByPlaceholderText": [Function],
  "findAllByRole": [Function],
  "findAllByTestId": [Function],
  "findAllByText": [Function],
  "findAllByTitle": [Function],
  "findByAltText": [Function],
  "findByDisplayValue": [Function],
  "findByLabelText": [Function],
  "findByPlaceholderText": [Function],
  "findByRole": [Function],
  "findByTestId": [Function],
  "findByText": [Function],
  "findByTitle": [Function],
  "getAllByAltText": [Function],
  "getAllByDisplayValue": [Function],
  "getAllByLabelText": [Function],
  "getAllByPlaceholderText": [Function],
  "getAllByRole": [Function],
  "getAllByTestId": [Function],
  "getAllByText": [Function],
  "getAllByTitle": [Function],
  "getByAltText": [Function],
  "getByDisplayValue": [Function],
  "getByLabelText": [Function],
  "getByPlaceholderText": [Function],
  "getByRole": [Function],
  "getByTestId": [Function],
  "getByText": [Function],
  "getByTitle": [Function],
  "queryAllByAltText": [Function],
  "queryAllByDisplayValue": [Function],
  "queryAllByLabelText": [Function],
  "queryAllByPlaceholderText": [Function],
  "queryAllByRole": [Function],
  "queryAllByTestId": [Function],
  "queryAllByText": [Function],
  "queryAllByTitle": [Function],
  "queryByAltText": [Function],
  "queryByDisplayValue": [Function],
  "queryByLabelText": [Function],
  "queryByPlaceholderText": [Function],
  "queryByRole": [Function],
  "queryByTestId": [Function],
  "queryByText": [Function],
  "queryByTitle": [Function],
  "rerender": [Function],
  "unmount": [Function],
}
`;
